20:37:24 **** Incremental Build of configuration Debug for project STM32F429ZI_KEYPAD ****
make -j9 all 
arm-none-eabi-gcc "../Core/Src/calculater.c" -mcpu=cortex-m4 -std=gnu11 -g3 -DDEBUG -DUSE_HAL_DRIVER -DSTM32F429xx -c -I../Core/Inc -I../Drivers/STM32F4xx_HAL_Driver/Inc -I../Drivers/STM32F4xx_HAL_Driver/Inc/Legacy -I../Drivers/CMSIS/Device/ST/STM32F4xx/Include -I../Drivers/CMSIS/Include -I../Middlewares/Third_Party/FreeRTOS/Source/include -I../Middlewares/Third_Party/FreeRTOS/Source/CMSIS_RTOS_V2 -I../Middlewares/Third_Party/FreeRTOS/Source/portable/GCC/ARM_CM4F -O0 -ffunction-sections -fdata-sections -Wall -fstack-usage -MMD -MP -MF"Core/Src/calculater.d" -MT"Core/Src/calculater.o" --specs=nano.specs -mfpu=fpv4-sp-d16 -mfloat-abi=hard -mthumb -o "Core/Src/calculater.o"
../Core/Src/calculater.c: In function 'in_to_post':
../Core/Src/calculater.c:104:22: warning: passing argument 2 of 'strstr' makes pointer from integer without a cast [-Wint-conversion]
  104 |    if (strstr(infix, ')') != 1)
      |                      ^~~
      |                      |
      |                      int
In file included from ../Core/Src/calculater.c:6:
/Applications/STM32CubeIDE.app/Contents/Eclipse/plugins/com.st.stm32cube.ide.mcu.externaltools.gnu-tools-for-stm32.9-2020-q2-update.macos64_2.0.0.202105311346/tools/arm-none-eabi/include/string.h:48:8: note: expected 'const char *' but argument is of type 'int'
   48 | char  *strstr (const char *, const char *);
      |        ^~~~~~
../Core/Src/calculater.c:104:27: warning: comparison between pointer and integer
  104 |    if (strstr(infix, ')') != 1)
      |                           ^~
arm-none-eabi-gcc -o "STM32F429ZI_KEYPAD.elf" @"objects.list"   -mcpu=cortex-m4 -T"/Users/parkseongjin/harman_STM32/STM32F429ZI_KEYPAD/STM32F429ZITX_FLASH.ld" --specs=nosys.specs -Wl,-Map="STM32F429ZI_KEYPAD.map" -Wl,--gc-sections -static --specs=nano.specs -mfpu=fpv4-sp-d16 -mfloat-abi=hard -mthumb -Wl,--start-group -lc -lm -Wl,--end-group
Finished building target: STM32F429ZI_KEYPAD.elf
 
arm-none-eabi-size   STM32F429ZI_KEYPAD.elf 
arm-none-eabi-objdump -h -S  STM32F429ZI_KEYPAD.elf  > "STM32F429ZI_KEYPAD.list"
arm-none-eabi-objcopy  -O binary  STM32F429ZI_KEYPAD.elf  "STM32F429ZI_KEYPAD.bin"
   text	   data	    bss	    dec	    hex	filename
  32720	    180	  21948	  54848	   d640	STM32F429ZI_KEYPAD.elf
Finished building: default.size.stdout
 
Finished building: STM32F429ZI_KEYPAD.bin
 
Finished building: STM32F429ZI_KEYPAD.list
 

20:37:24 Build Finished. 0 errors, 2 warnings. (took 673ms)

